../Core/Src/main.c:142:5:main	8
../Core/Src/main.c:245:6:SystemClock_Config	3
../Core/Src/main.c:292:13:MX_ADC1_Init	8
../Core/Src/main.c:396:13:MX_ADC2_Init	4
../Core/Src/main.c:464:13:MX_FDCAN2_Init	2
../Core/Src/main.c:507:13:MX_HRTIM1_Init	20
../Core/Src/main.c:672:13:MX_TIM2_Init	4
../Core/Src/main.c:717:13:MX_USART1_UART_Init	5
../Core/Src/main.c:763:13:MX_DMA_Init	1
../Core/Src/main.c:785:13:MX_GPIO_Init	1
../Core/Src/main.c:824:6:HAL_ADC_ConvCpltCallback	12
../Core/Src/main.c:897:6:changeState	4
../Core/Src/main.c:938:6:HAL_FDCAN_RxFifo0Callback	6
../Core/Src/main.c:980:13:FDCAN_Config	5
../Core/Src/main.c:1033:6:Error_PPC	2
../Core/Src/main.c:1051:6:Error_Handler	1
