../Core/Src/main.c:148:5:main	2
../Core/Src/main.c:263:6:SystemClock_Config	3
../Core/Src/main.c:310:13:MX_ADC1_Init	8
../Core/Src/main.c:414:13:MX_ADC2_Init	4
../Core/Src/main.c:482:13:MX_FDCAN2_Init	2
../Core/Src/main.c:525:13:MX_HRTIM1_Init	20
../Core/Src/main.c:690:13:MX_TIM2_Init	4
../Core/Src/main.c:735:13:MX_USART1_UART_Init	5
../Core/Src/main.c:781:13:MX_DMA_Init	1
../Core/Src/main.c:803:13:MX_GPIO_Init	1
../Core/Src/main.c:842:6:HAL_ADC_ConvCpltCallback	12
../Core/Src/main.c:921:6:changeState	4
../Core/Src/main.c:961:6:HAL_FDCAN_RxFifo0Callback	6
../Core/Src/main.c:1003:13:FDCAN_Config	5
../Core/Src/main.c:1056:6:Error_PPC	2
../Core/Src/main.c:1074:6:Error_Handler	1
