../Core/Src/main.c:142:5:main	8	static
../Core/Src/main.c:248:6:SystemClock_Config	88	static
../Core/Src/main.c:295:13:MX_ADC1_Init	56	static
../Core/Src/main.c:399:13:MX_ADC2_Init	40	static
../Core/Src/main.c:467:13:MX_FDCAN2_Init	8	static
../Core/Src/main.c:510:13:MX_HRTIM1_Init	232	static
../Core/Src/main.c:675:13:MX_TIM2_Init	40	static
../Core/Src/main.c:720:13:MX_USART1_UART_Init	8	static
../Core/Src/main.c:766:13:MX_DMA_Init	16	static
../Core/Src/main.c:788:13:MX_GPIO_Init	40	static
../Core/Src/main.c:827:6:HAL_ADC_ConvCpltCallback	48	static
../Core/Src/main.c:898:6:changeState	16	static
../Core/Src/main.c:936:6:HAL_FDCAN_RxFifo0Callback	24	static
../Core/Src/main.c:978:13:FDCAN_Config	40	static
../Core/Src/main.c:1031:6:Error_PPC	16	static,ignoring_inline_asm
../Core/Src/main.c:1049:6:Error_Handler	4	static,ignoring_inline_asm
